{
  "errors": [],
  "warnings": [],
  "entrypoints": {
    "test_uYWJ": {
      "chunks": [
        "test_uYWJ"
      ],
      "assets": [
        "test_uYWJ.js"
      ],
      "children": {},
      "childAssets": {}
    }
  },
  "chunks": {
    "test_uYWJ": {
      "files": [
        "test_uYWJ.js"
      ],
      "modules": [
        "./test/fixtures/basic-template-plugin/test.marko?dependencies",
        "./test/fixtures/basic-template-plugin/test.marko?hydrate"
      ]
    }
  }
}