{
  "errors": [
    "./test/fixtures/with-class-component-plugin/test.marko?hydrate 2:6\nModule parse failed: Assigning to rvalue (2:6)\nYou may need an appropriate loader to handle this file type.\n| \n>       window.$mwp && __webpack_public_path__ = $mwp;\n|       require(\"./test.marko?dependencies\");\n|       window.$initComponents && window.$initComponents();"
  ],
  "warnings": [],
  "entrypoints": {
    "test_nzzJ": {
      "chunks": [
        "test_nzzJ"
      ],
      "assets": [
        "test_nzzJ.js"
      ],
      "children": {},
      "childAssets": {}
    }
  },
  "chunks": {
    "test_nzzJ": {
      "files": [
        "test_nzzJ.js"
      ],
      "modules": [
        "./test/fixtures/with-class-component-plugin/test.marko?hydrate"
      ]
    }
  }
}