{
  "errors": [],
  "warnings": [],
  "entrypoints": {
    "main": {
      "chunks": [
        "main"
      ],
      "assets": [
        "main.js"
      ],
      "children": {},
      "childAssets": {}
    }
  },
  "chunks": {
    "main": {
      "files": [
        "main.js"
      ],
      "modules": [
        "./node_modules/__MARKO_WEBPACK__/MANIFEST.js",
        "./node_modules/complain/index.js",
        "./node_modules/error-stack-parser/error-stack-parser.js",
        "./node_modules/events-light/src/index.js",
        "./node_modules/marko/components.js",
        "./node_modules/marko/dist/components/index.js",
        "./node_modules/marko/env.js",
        "./node_modules/marko/src/compiler/util/removeDashes.js",
        "./node_modules/marko/src/components/ComponentDef.js",
        "./node_modules/marko/src/components/ComponentsContext.js",
        "./node_modules/marko/src/components/GlobalComponentsContext.js",
        "./node_modules/marko/src/components/KeySequence.js",
        "./node_modules/marko/src/components/ServerComponent.js",
        "./node_modules/marko/src/components/beginComponent.js",
        "./node_modules/marko/src/components/endComponent.js",
        "./node_modules/marko/src/components/event-delegation.js",
        "./node_modules/marko/src/components/helpers.js",
        "./node_modules/marko/src/components/index.js",
        "./node_modules/marko/src/components/registry.js",
        "./node_modules/marko/src/components/renderer.js",
        "./node_modules/marko/src/components/taglib/init-components-tag.js",
        "./node_modules/marko/src/components/util.js",
        "./node_modules/marko/src/html.js",
        "./node_modules/marko/src/index.js",
        "./node_modules/marko/src/loader/index.js",
        "./node_modules/marko/src/morphdom/helpers.js",
        "./node_modules/marko/src/runtime/RenderResult.js",
        "./node_modules/marko/src/runtime/createOut.js",
        "./node_modules/marko/src/runtime/dom-insert.js",
        "./node_modules/marko/src/runtime/helpers.js",
        "./node_modules/marko/src/runtime/html/AsyncStream.js",
        "./node_modules/marko/src/runtime/html/BufferedWriter.js",
        "./node_modules/marko/src/runtime/html/StringWriter.js",
        "./node_modules/marko/src/runtime/html/Template.js",
        "./node_modules/marko/src/runtime/html/escape.js",
        "./node_modules/marko/src/runtime/html/helper-attr.js",
        "./node_modules/marko/src/runtime/html/helper-attrs.js",
        "./node_modules/marko/src/runtime/html/helper-merge-attrs.js",
        "./node_modules/marko/src/runtime/html/helpers.js",
        "./node_modules/marko/src/runtime/html/index.js",
        "./node_modules/marko/src/runtime/renderable.js",
        "./node_modules/marko/src/runtime/vdom/helper-styleAttr.js",
        "./node_modules/raptor-util/copyProps.js",
        "./node_modules/raptor-util/extend.js",
        "./node_modules/stackframe/stackframe.js",
        "./node_modules/warp10/constants.js",
        "./node_modules/warp10/src/constants.js",
        "./node_modules/warp10/src/finalize.js",
        "./node_modules/warp10/src/index.js",
        "./node_modules/warp10/src/parse.js",
        "./node_modules/warp10/src/serialize.js",
        "./node_modules/warp10/src/stringify.js",
        "./node_modules/warp10/src/stringifyPrepare.js",
        "./test/fixtures/multiple-entries-plugin/bar.marko",
        "./test/fixtures/multiple-entries-plugin/bar.marko?assets",
        "./test/fixtures/multiple-entries-plugin/components/shared.marko",
        "./test/fixtures/multiple-entries-plugin/foo.marko",
        "./test/fixtures/multiple-entries-plugin/foo.marko?assets",
        "./test/fixtures/multiple-entries-plugin/server.js",
        "external \"http\"",
        "external \"stream\""
      ]
    }
  }
}