{
  "errors": [
    "./test/fixtures/multiple-entries-plugin/bar.marko?hydrate 2:6\nModule parse failed: Assigning to rvalue (2:6)\nYou may need an appropriate loader to handle this file type.\n| \n>       window.$mwp && __webpack_public_path__ = $mwp;\n|       require(\"./bar.marko?dependencies\");\n|       window.$initComponents && window.$initComponents();",
    "./test/fixtures/multiple-entries-plugin/foo.marko?hydrate 2:6\nModule parse failed: Assigning to rvalue (2:6)\nYou may need an appropriate loader to handle this file type.\n| \n>       window.$mwp && __webpack_public_path__ = $mwp;\n|       require(\"./foo.marko?dependencies\");\n|       window.$initComponents && window.$initComponents();"
  ],
  "warnings": [],
  "entrypoints": {
    "foo_3XPO": {
      "chunks": [
        "foo_3XPO"
      ],
      "assets": [
        "foo_3XPO.js"
      ],
      "children": {},
      "childAssets": {}
    },
    "bar_aSxt": {
      "chunks": [
        "bar_aSxt"
      ],
      "assets": [
        "bar_aSxt.js"
      ],
      "children": {},
      "childAssets": {}
    }
  },
  "chunks": {
    "bar_aSxt": {
      "files": [
        "bar_aSxt.js"
      ],
      "modules": [
        "./test/fixtures/multiple-entries-plugin/bar.marko?hydrate"
      ]
    },
    "foo_3XPO": {
      "files": [
        "foo_3XPO.js"
      ],
      "modules": [
        "./test/fixtures/multiple-entries-plugin/foo.marko?hydrate"
      ]
    }
  }
}