{
  "errors": [],
  "warnings": [],
  "entrypoints": {
    "main": {
      "chunks": ["main"],
      "assets": ["main.js"],
      "children": {},
      "childAssets": {}
    }
  },
  "chunks": {
    "main": {
      "files": ["main.js"],
      "modules": [
        "(webpack)/buildin/global.js",
        "./node_modules/complain/index.js",
        "./node_modules/error-stack-parser/error-stack-parser.js",
        "./node_modules/events-light/src/index.js",
        "./node_modules/listener-tracker/lib/listener-tracker.js",
        "./node_modules/marko/src/compiler/util/removeDashes.js",
        "./node_modules/marko/src/components/Component.js",
        "./node_modules/marko/src/components/ComponentDef.js",
        "./node_modules/marko/src/components/ComponentsContext.js",
        "./node_modules/marko/src/components/GlobalComponentsContext.js",
        "./node_modules/marko/src/components/KeySequence.js",
        "./node_modules/marko/src/components/State.js",
        "./node_modules/marko/src/components/beginComponent-browser.js",
        "./node_modules/marko/src/components/defineComponent.js",
        "./node_modules/marko/src/components/dom-data.js",
        "./node_modules/marko/src/components/endComponent-browser.js",
        "./node_modules/marko/src/components/event-delegation.js",
        "./node_modules/marko/src/components/helpers-browser.js",
        "./node_modules/marko/src/components/index-browser.js",
        "./node_modules/marko/src/components/init-components-browser.js",
        "./node_modules/marko/src/components/registry-browser.js",
        "./node_modules/marko/src/components/renderer.js",
        "./node_modules/marko/src/components/update-manager.js",
        "./node_modules/marko/src/components/util-browser.js",
        "./node_modules/marko/src/index-browser.js",
        "./node_modules/marko/src/loader/index-browser.js",
        "./node_modules/marko/src/morphdom/fragment.js",
        "./node_modules/marko/src/morphdom/helpers.js",
        "./node_modules/marko/src/morphdom/index.js",
        "./node_modules/marko/src/morphdom/specialElHandlers.js",
        "./node_modules/marko/src/runtime/RenderResult.js",
        "./node_modules/marko/src/runtime/createOut.js",
        "./node_modules/marko/src/runtime/dom-insert.js",
        "./node_modules/marko/src/runtime/helpers.js",
        "./node_modules/marko/src/runtime/nextTick-browser.js",
        "./node_modules/marko/src/runtime/renderable.js",
        "./node_modules/marko/src/runtime/vdom/AsyncVDOMBuilder.js",
        "./node_modules/marko/src/runtime/vdom/VComment.js",
        "./node_modules/marko/src/runtime/vdom/VComponent.js",
        "./node_modules/marko/src/runtime/vdom/VDocumentFragment.js",
        "./node_modules/marko/src/runtime/vdom/VElement.js",
        "./node_modules/marko/src/runtime/vdom/VFragment.js",
        "./node_modules/marko/src/runtime/vdom/VNode.js",
        "./node_modules/marko/src/runtime/vdom/VText.js",
        "./node_modules/marko/src/runtime/vdom/helper-attrs.js",
        "./node_modules/marko/src/runtime/vdom/helper-styleAttr.js",
        "./node_modules/marko/src/runtime/vdom/helpers.js",
        "./node_modules/marko/src/runtime/vdom/index.js",
        "./node_modules/marko/src/runtime/vdom/vdom.js",
        "./node_modules/process/browser.js",
        "./node_modules/raptor-util/copyProps.js",
        "./node_modules/raptor-util/extend.js",
        "./node_modules/raptor-util/inherit.js",
        "./node_modules/stackframe/stackframe.js",
        "./node_modules/warp10/constants.js",
        "./node_modules/warp10/finalize.js",
        "./node_modules/warp10/src/constants.js",
        "./node_modules/warp10/src/finalize.js",
        "./test/fixtures/basic-template/test.marko"
      ]
    }
  }
}
